Archive member included to satisfy reference by file (symbol)

/usr/lib/gcc/arm-none-eabi/13.2.1/../../../arm-none-eabi/lib/thumb/v7e-m+fp/hard/libc_nano.a(libc_a-memset.o)
                              ./Output/tasks.o (memset)
/usr/lib/gcc/arm-none-eabi/13.2.1/../../../arm-none-eabi/lib/thumb/v7e-m+fp/hard/libc_nano.a(libc_a-memcpy.o)
                              ./Output/queue.o (memcpy)

Discarded input sections

 .group         0x00000000        0xc ./Output/list.o
 .group         0x00000000        0xc ./Output/list.o
 .group         0x00000000        0xc ./Output/list.o
 .group         0x00000000        0xc ./Output/list.o
 .group         0x00000000        0xc ./Output/list.o
 .group         0x00000000        0xc ./Output/list.o
 .group         0x00000000        0xc ./Output/list.o
 .group         0x00000000        0xc ./Output/list.o
 .group         0x00000000        0xc ./Output/list.o
 .group         0x00000000        0xc ./Output/list.o
 .group         0x00000000        0xc ./Output/list.o
 .group         0x00000000        0xc ./Output/list.o
 .group         0x00000000        0xc ./Output/list.o
 .group         0x00000000        0xc ./Output/list.o
 .group         0x00000000        0xc ./Output/list.o
 .group         0x00000000        0xc ./Output/list.o
 .group         0x00000000        0xc ./Output/list.o
 .group         0x00000000        0xc ./Output/list.o
 .group         0x00000000        0xc ./Output/list.o
 .group         0x00000000        0xc ./Output/list.o
 .group         0x00000000        0xc ./Output/list.o
 .group         0x00000000        0xc ./Output/list.o
 .group         0x00000000        0xc ./Output/list.o
 .group         0x00000000        0xc ./Output/list.o
 .group         0x00000000        0xc ./Output/list.o
 .group         0x00000000        0xc ./Output/list.o
 .group         0x00000000        0xc ./Output/list.o
 .group         0x00000000        0xc ./Output/list.o
 .group         0x00000000        0xc ./Output/list.o
 .group         0x00000000        0xc ./Output/list.o
 .group         0x00000000        0xc ./Output/list.o
 .text          0x00000000        0x0 ./Output/list.o
 .data          0x00000000        0x0 ./Output/list.o
 .bss           0x00000000        0x0 ./Output/list.o
 .text.vListInsertEnd
                0x00000000       0x16 ./Output/list.o
 .group         0x00000000        0xc ./Output/tasks.o
 .group         0x00000000        0xc ./Output/tasks.o
 .group         0x00000000        0xc ./Output/tasks.o
 .group         0x00000000        0xc ./Output/tasks.o
 .group         0x00000000        0xc ./Output/tasks.o
 .group         0x00000000        0xc ./Output/tasks.o
 .group         0x00000000        0xc ./Output/tasks.o
 .group         0x00000000        0xc ./Output/tasks.o
 .group         0x00000000        0xc ./Output/tasks.o
 .group         0x00000000        0xc ./Output/tasks.o
 .group         0x00000000        0xc ./Output/tasks.o
 .group         0x00000000        0xc ./Output/tasks.o
 .group         0x00000000        0xc ./Output/tasks.o
 .group         0x00000000        0xc ./Output/tasks.o
 .group         0x00000000        0xc ./Output/tasks.o
 .group         0x00000000        0xc ./Output/tasks.o
 .group         0x00000000        0xc ./Output/tasks.o
 .group         0x00000000        0xc ./Output/tasks.o
 .group         0x00000000        0xc ./Output/tasks.o
 .group         0x00000000        0xc ./Output/tasks.o
 .group         0x00000000        0xc ./Output/tasks.o
 .group         0x00000000        0xc ./Output/tasks.o
 .group         0x00000000        0xc ./Output/tasks.o
 .group         0x00000000        0xc ./Output/tasks.o
 .group         0x00000000        0xc ./Output/tasks.o
 .group         0x00000000        0xc ./Output/tasks.o
 .group         0x00000000        0xc ./Output/tasks.o
 .group         0x00000000        0xc ./Output/tasks.o
 .group         0x00000000        0xc ./Output/tasks.o
 .group         0x00000000        0xc ./Output/tasks.o
 .group         0x00000000        0xc ./Output/tasks.o
 .group         0x00000000        0xc ./Output/tasks.o
 .group         0x00000000        0xc ./Output/tasks.o
 .group         0x00000000        0xc ./Output/tasks.o
 .group         0x00000000        0xc ./Output/tasks.o
 .group         0x00000000        0xc ./Output/tasks.o
 .text          0x00000000        0x0 ./Output/tasks.o
 .data          0x00000000        0x0 ./Output/tasks.o
 .bss           0x00000000        0x0 ./Output/tasks.o
 .text.prvTaskIsTaskSuspended
                0x00000000       0x44 ./Output/tasks.o
 .text.vTaskDelete
                0x00000000       0xe4 ./Output/tasks.o
 .text.uxTaskPriorityGet
                0x00000000       0x1c ./Output/tasks.o
 .text.uxTaskPriorityGetFromISR
                0x00000000       0x34 ./Output/tasks.o
 .text.vTaskPrioritySet
                0x00000000       0xe0 ./Output/tasks.o
 .text.vTaskResume
                0x00000000       0x9c ./Output/tasks.o
 .text.xTaskResumeFromISR
                0x00000000       0xc0 ./Output/tasks.o
 .text.vTaskEndScheduler
                0x00000000       0x40 ./Output/tasks.o
 .text.xTaskGetTickCountFromISR
                0x00000000       0x10 ./Output/tasks.o
 .text.uxTaskGetNumberOfTasks
                0x00000000        0xc ./Output/tasks.o
 .text.pcTaskGetName
                0x00000000       0x28 ./Output/tasks.o
 .text.xTaskDelayUntil
                0x00000000       0xa8 ./Output/tasks.o
 .text.xTaskCatchUpTicks
                0x00000000       0x44 ./Output/tasks.o
 .text.vTaskSuspend
                0x00000000       0xdc ./Output/tasks.o
 .text.vTaskPlaceOnUnorderedEventList
                0x00000000       0x78 ./Output/tasks.o
 .text.vTaskRemoveFromUnorderedEventList
                0x00000000       0xcc ./Output/tasks.o
 .text.vTaskSetTimeOutState
                0x00000000       0x3c ./Output/tasks.o
 .text.xTaskGetCurrentTaskHandle
                0x00000000        0xc ./Output/tasks.o
 .text.xTaskGetCurrentTaskHandleForCore
                0x00000000       0x10 ./Output/tasks.o
 .text.uxTaskResetEventItemValue
                0x00000000       0x18 ./Output/tasks.o
 .text.ulTaskGenericNotifyTake
                0x00000000       0x94 ./Output/tasks.o
 .text.xTaskGenericNotifyWait
                0x00000000       0xc0 ./Output/tasks.o
 .text.xTaskGenericNotify
                0x00000000      0x130 ./Output/tasks.o
 .text.xTaskGenericNotifyFromISR
                0x00000000      0x184 ./Output/tasks.o
 .text.vTaskGenericNotifyGiveFromISR
                0x00000000      0x128 ./Output/tasks.o
 .text.xTaskGenericNotifyStateClear
                0x00000000       0x48 ./Output/tasks.o
 .text.ulTaskGenericNotifyValueClear
                0x00000000       0x40 ./Output/tasks.o
 .text.vTaskResetState
                0x00000000       0x64 ./Output/tasks.o
 .debug_macro   0x00000000      0xacc ./Output/tasks.o
 .debug_macro   0x00000000       0x2a ./Output/tasks.o
 .debug_macro   0x00000000       0x22 ./Output/tasks.o
 .debug_macro   0x00000000       0x60 ./Output/tasks.o
 .debug_macro   0x00000000       0x94 ./Output/tasks.o
 .debug_macro   0x00000000       0x3c ./Output/tasks.o
 .debug_macro   0x00000000       0x34 ./Output/tasks.o
 .debug_macro   0x00000000       0x16 ./Output/tasks.o
 .debug_macro   0x00000000      0x11c ./Output/tasks.o
 .debug_macro   0x00000000       0x9b ./Output/tasks.o
 .debug_macro   0x00000000       0x57 ./Output/tasks.o
 .debug_macro   0x00000000      0x370 ./Output/tasks.o
 .debug_macro   0x00000000       0x16 ./Output/tasks.o
 .debug_macro   0x00000000       0x4a ./Output/tasks.o
 .debug_macro   0x00000000       0x34 ./Output/tasks.o
 .debug_macro   0x00000000       0x10 ./Output/tasks.o
 .debug_macro   0x00000000       0x52 ./Output/tasks.o
 .debug_macro   0x00000000      0x1de ./Output/tasks.o
 .debug_macro   0x00000000       0x16 ./Output/tasks.o
 .debug_macro   0x00000000       0x29 ./Output/tasks.o
 .debug_macro   0x00000000      0x34e ./Output/tasks.o
 .debug_macro   0x00000000       0x16 ./Output/tasks.o
 .debug_macro   0x00000000       0xdc ./Output/tasks.o
 .debug_macro   0x00000000       0x1c ./Output/tasks.o
 .debug_macro   0x00000000      0x182 ./Output/tasks.o
 .debug_macro   0x00000000       0xee ./Output/tasks.o
 .debug_macro   0x00000000       0x2e ./Output/tasks.o
 .debug_macro   0x00000000       0x1f ./Output/tasks.o
 .debug_macro   0x00000000       0x12 ./Output/tasks.o
 .debug_macro   0x00000000     0x1127 ./Output/tasks.o
 .debug_macro   0x00000000       0xc3 ./Output/tasks.o
 .group         0x00000000        0xc ./Output/timers.o
 .group         0x00000000        0xc ./Output/timers.o
 .group         0x00000000        0xc ./Output/timers.o
 .group         0x00000000        0xc ./Output/timers.o
 .group         0x00000000        0xc ./Output/timers.o
 .group         0x00000000        0xc ./Output/timers.o
 .group         0x00000000        0xc ./Output/timers.o
 .group         0x00000000        0xc ./Output/timers.o
 .group         0x00000000        0xc ./Output/timers.o
 .group         0x00000000        0xc ./Output/timers.o
 .group         0x00000000        0xc ./Output/timers.o
 .group         0x00000000        0xc ./Output/timers.o
 .group         0x00000000        0xc ./Output/timers.o
 .group         0x00000000        0xc ./Output/timers.o
 .group         0x00000000        0xc ./Output/timers.o
 .group         0x00000000        0xc ./Output/timers.o
 .group         0x00000000        0xc ./Output/timers.o
 .group         0x00000000        0xc ./Output/timers.o
 .group         0x00000000        0xc ./Output/timers.o
 .group         0x00000000        0xc ./Output/timers.o
 .group         0x00000000        0xc ./Output/timers.o
 .group         0x00000000        0xc ./Output/timers.o
 .group         0x00000000        0xc ./Output/timers.o
 .group         0x00000000        0xc ./Output/timers.o
 .group         0x00000000        0xc ./Output/timers.o
 .group         0x00000000        0xc ./Output/timers.o
 .group         0x00000000        0xc ./Output/timers.o
 .group         0x00000000        0xc ./Output/timers.o
 .group         0x00000000        0xc ./Output/timers.o
 .group         0x00000000        0xc ./Output/timers.o
 .group         0x00000000        0xc ./Output/timers.o
 .group         0x00000000        0xc ./Output/timers.o
 .group         0x00000000        0xc ./Output/timers.o
 .group         0x00000000        0xc ./Output/timers.o
 .text          0x00000000        0x0 ./Output/timers.o
 .data          0x00000000        0x0 ./Output/timers.o
 .bss           0x00000000        0x0 ./Output/timers.o
 .text.xTimerCreate
                0x00000000       0x5e ./Output/timers.o
 .text.xTimerGenericCommandFromTask
                0x00000000       0x60 ./Output/timers.o
 .text.xTimerGenericCommandFromISR
                0x00000000       0x58 ./Output/timers.o
 .text.xTimerGetTimerDaemonTaskHandle
                0x00000000       0x24 ./Output/timers.o
 .text.xTimerGetPeriod
                0x00000000       0x1c ./Output/timers.o
 .text.vTimerSetReloadMode
                0x00000000       0x3e ./Output/timers.o
 .text.xTimerGetReloadMode
                0x00000000       0x30 ./Output/timers.o
 .text.uxTimerGetReloadMode
                0x00000000        0x4 ./Output/timers.o
 .text.xTimerGetExpiryTime
                0x00000000       0x1c ./Output/timers.o
 .text.pcTimerGetName
                0x00000000       0x1c ./Output/timers.o
 .text.xTimerIsTimerActive
                0x00000000       0x30 ./Output/timers.o
 .text.pvTimerGetTimerID
                0x00000000       0x2a ./Output/timers.o
 .text.vTimerSetTimerID
                0x00000000       0x2c ./Output/timers.o
 .text.vTimerResetState
                0x00000000       0x14 ./Output/timers.o
 .debug_macro   0x00000000      0xacc ./Output/timers.o
 .debug_macro   0x00000000       0x2a ./Output/timers.o
 .debug_macro   0x00000000       0x22 ./Output/timers.o
 .debug_macro   0x00000000       0x60 ./Output/timers.o
 .debug_macro   0x00000000       0x94 ./Output/timers.o
 .debug_macro   0x00000000       0x3c ./Output/timers.o
 .debug_macro   0x00000000       0x34 ./Output/timers.o
 .debug_macro   0x00000000       0x16 ./Output/timers.o
 .debug_macro   0x00000000      0x11c ./Output/timers.o
 .debug_macro   0x00000000       0x9b ./Output/timers.o
 .debug_macro   0x00000000       0x57 ./Output/timers.o
 .debug_macro   0x00000000      0x370 ./Output/timers.o
 .debug_macro   0x00000000       0x16 ./Output/timers.o
 .debug_macro   0x00000000       0x4a ./Output/timers.o
 .debug_macro   0x00000000       0x34 ./Output/timers.o
 .debug_macro   0x00000000       0x10 ./Output/timers.o
 .debug_macro   0x00000000       0x52 ./Output/timers.o
 .debug_macro   0x00000000      0x1de ./Output/timers.o
 .debug_macro   0x00000000       0x16 ./Output/timers.o
 .debug_macro   0x00000000       0x29 ./Output/timers.o
 .debug_macro   0x00000000      0x34e ./Output/timers.o
 .debug_macro   0x00000000       0x16 ./Output/timers.o
 .debug_macro   0x00000000       0xdc ./Output/timers.o
 .debug_macro   0x00000000       0x1c ./Output/timers.o
 .debug_macro   0x00000000      0x182 ./Output/timers.o
 .debug_macro   0x00000000       0xee ./Output/timers.o
 .debug_macro   0x00000000       0x2e ./Output/timers.o
 .debug_macro   0x00000000       0x1f ./Output/timers.o
 .debug_macro   0x00000000       0x12 ./Output/timers.o
 .debug_macro   0x00000000     0x1127 ./Output/timers.o
 .debug_macro   0x00000000       0xc3 ./Output/timers.o
 .debug_macro   0x00000000      0x14f ./Output/timers.o
 .group         0x00000000        0xc ./Output/heap_4.o
 .group         0x00000000        0xc ./Output/heap_4.o
 .group         0x00000000        0xc ./Output/heap_4.o
 .group         0x00000000        0xc ./Output/heap_4.o
 .group         0x00000000        0xc ./Output/heap_4.o
 .group         0x00000000        0xc ./Output/heap_4.o
 .group         0x00000000        0xc ./Output/heap_4.o
 .group         0x00000000        0xc ./Output/heap_4.o
 .group         0x00000000        0xc ./Output/heap_4.o
 .group         0x00000000        0xc ./Output/heap_4.o
 .group         0x00000000        0xc ./Output/heap_4.o
 .group         0x00000000        0xc ./Output/heap_4.o
 .group         0x00000000        0xc ./Output/heap_4.o
 .group         0x00000000        0xc ./Output/heap_4.o
 .group         0x00000000        0xc ./Output/heap_4.o
 .group         0x00000000        0xc ./Output/heap_4.o
 .group         0x00000000        0xc ./Output/heap_4.o
 .group         0x00000000        0xc ./Output/heap_4.o
 .group         0x00000000        0xc ./Output/heap_4.o
 .group         0x00000000        0xc ./Output/heap_4.o
 .group         0x00000000        0xc ./Output/heap_4.o
 .group         0x00000000        0xc ./Output/heap_4.o
 .group         0x00000000        0xc ./Output/heap_4.o
 .group         0x00000000        0xc ./Output/heap_4.o
 .group         0x00000000        0xc ./Output/heap_4.o
 .group         0x00000000        0xc ./Output/heap_4.o
 .group         0x00000000        0xc ./Output/heap_4.o
 .group         0x00000000        0xc ./Output/heap_4.o
 .group         0x00000000        0xc ./Output/heap_4.o
 .group         0x00000000        0xc ./Output/heap_4.o
 .group         0x00000000        0xc ./Output/heap_4.o
 .group         0x00000000        0xc ./Output/heap_4.o
 .group         0x00000000        0xc ./Output/heap_4.o
 .group         0x00000000        0xc ./Output/heap_4.o
 .text          0x00000000        0x0 ./Output/heap_4.o
 .data          0x00000000        0x0 ./Output/heap_4.o
 .bss           0x00000000        0x0 ./Output/heap_4.o
 .text.xPortGetFreeHeapSize
                0x00000000        0xc ./Output/heap_4.o
 .text.xPortGetMinimumEverFreeHeapSize
                0x00000000        0xc ./Output/heap_4.o
 .text.vPortInitialiseBlocks
                0x00000000        0x2 ./Output/heap_4.o
 .text.pvPortCalloc
                0x00000000       0x2a ./Output/heap_4.o
 .text.vPortGetHeapStats
                0x00000000       0x84 ./Output/heap_4.o
 .text.vPortHeapResetState
                0x00000000       0x2c ./Output/heap_4.o
 .debug_macro   0x00000000      0xacc ./Output/heap_4.o
 .debug_macro   0x00000000       0x2a ./Output/heap_4.o
 .debug_macro   0x00000000       0x22 ./Output/heap_4.o
 .debug_macro   0x00000000       0x60 ./Output/heap_4.o
 .debug_macro   0x00000000       0x94 ./Output/heap_4.o
 .debug_macro   0x00000000       0x3c ./Output/heap_4.o
 .debug_macro   0x00000000       0x34 ./Output/heap_4.o
 .debug_macro   0x00000000       0x16 ./Output/heap_4.o
 .debug_macro   0x00000000      0x11c ./Output/heap_4.o
 .debug_macro   0x00000000       0x9b ./Output/heap_4.o
 .debug_macro   0x00000000       0x57 ./Output/heap_4.o
 .debug_macro   0x00000000      0x370 ./Output/heap_4.o
 .debug_macro   0x00000000       0x16 ./Output/heap_4.o
 .debug_macro   0x00000000       0x4a ./Output/heap_4.o
 .debug_macro   0x00000000       0x34 ./Output/heap_4.o
 .debug_macro   0x00000000       0x10 ./Output/heap_4.o
 .debug_macro   0x00000000       0x52 ./Output/heap_4.o
 .debug_macro   0x00000000      0x1de ./Output/heap_4.o
 .debug_macro   0x00000000       0x16 ./Output/heap_4.o
 .debug_macro   0x00000000       0x29 ./Output/heap_4.o
 .debug_macro   0x00000000       0x16 ./Output/heap_4.o
 .debug_macro   0x00000000       0x3c ./Output/heap_4.o
 .debug_macro   0x00000000      0x34e ./Output/heap_4.o
 .debug_macro   0x00000000       0x16 ./Output/heap_4.o
 .debug_macro   0x00000000       0xdc ./Output/heap_4.o
 .debug_macro   0x00000000       0x1c ./Output/heap_4.o
 .debug_macro   0x00000000      0x182 ./Output/heap_4.o
 .debug_macro   0x00000000       0xee ./Output/heap_4.o
 .debug_macro   0x00000000       0x2e ./Output/heap_4.o
 .debug_macro   0x00000000       0x1f ./Output/heap_4.o
 .debug_macro   0x00000000       0x12 ./Output/heap_4.o
 .debug_macro   0x00000000     0x1127 ./Output/heap_4.o
 .debug_macro   0x00000000       0xc3 ./Output/heap_4.o
 .debug_macro   0x00000000      0x14f ./Output/heap_4.o
 .group         0x00000000        0xc ./Output/port.o
 .group         0x00000000        0xc ./Output/port.o
 .group         0x00000000        0xc ./Output/port.o
 .group         0x00000000        0xc ./Output/port.o
 .group         0x00000000        0xc ./Output/port.o
 .group         0x00000000        0xc ./Output/port.o
 .group         0x00000000        0xc ./Output/port.o
 .group         0x00000000        0xc ./Output/port.o
 .group         0x00000000        0xc ./Output/port.o
 .group         0x00000000        0xc ./Output/port.o
 .group         0x00000000        0xc ./Output/port.o
 .group         0x00000000        0xc ./Output/port.o
 .group         0x00000000        0xc ./Output/port.o
 .group         0x00000000        0xc ./Output/port.o
 .text          0x00000000        0x0 ./Output/port.o
 .data          0x00000000        0x0 ./Output/port.o
 .bss           0x00000000        0x0 ./Output/port.o
 .text.vPortEndScheduler
                0x00000000       0x28 ./Output/port.o
 .text.vPortValidateInterruptPriority
                0x00000000       0x64 ./Output/port.o
 .debug_macro   0x00000000      0xacc ./Output/port.o
 .debug_macro   0x00000000      0x34e ./Output/port.o
 .debug_macro   0x00000000       0x16 ./Output/port.o
 .debug_macro   0x00000000       0xdc ./Output/port.o
 .debug_macro   0x00000000       0x1c ./Output/port.o
 .debug_macro   0x00000000      0x182 ./Output/port.o
 .debug_macro   0x00000000       0xee ./Output/port.o
 .debug_macro   0x00000000       0x2e ./Output/port.o
 .debug_macro   0x00000000       0x1f ./Output/port.o
 .debug_macro   0x00000000       0x12 ./Output/port.o
 .debug_macro   0x00000000     0x1127 ./Output/port.o
 .debug_macro   0x00000000       0xc3 ./Output/port.o
 .debug_macro   0x00000000      0x14f ./Output/port.o
 .group         0x00000000        0xc ./Output/queue.o
 .group         0x00000000        0xc ./Output/queue.o
 .group         0x00000000        0xc ./Output/queue.o
 .group         0x00000000        0xc ./Output/queue.o
 .group         0x00000000        0xc ./Output/queue.o
 .group         0x00000000        0xc ./Output/queue.o
 .group         0x00000000        0xc ./Output/queue.o
 .group         0x00000000        0xc ./Output/queue.o
 .group         0x00000000        0xc ./Output/queue.o
 .group         0x00000000        0xc ./Output/queue.o
 .group         0x00000000        0xc ./Output/queue.o
 .group         0x00000000        0xc ./Output/queue.o
 .group         0x00000000        0xc ./Output/queue.o
 .group         0x00000000        0xc ./Output/queue.o
 .group         0x00000000        0xc ./Output/queue.o
 .group         0x00000000        0xc ./Output/queue.o
 .group         0x00000000        0xc ./Output/queue.o
 .group         0x00000000        0xc ./Output/queue.o
 .group         0x00000000        0xc ./Output/queue.o
 .group         0x00000000        0xc ./Output/queue.o
 .group         0x00000000        0xc ./Output/queue.o
 .group         0x00000000        0xc ./Output/queue.o
 .group         0x00000000        0xc ./Output/queue.o
 .group         0x00000000        0xc ./Output/queue.o
 .group         0x00000000        0xc ./Output/queue.o
 .group         0x00000000        0xc ./Output/queue.o
 .group         0x00000000        0xc ./Output/queue.o
 .group         0x00000000        0xc ./Output/queue.o
 .group         0x00000000        0xc ./Output/queue.o
 .group         0x00000000        0xc ./Output/queue.o
 .group         0x00000000        0xc ./Output/queue.o
 .group         0x00000000        0xc ./Output/queue.o
 .group         0x00000000        0xc ./Output/queue.o
 .group         0x00000000        0xc ./Output/queue.o
 .group         0x00000000        0xc ./Output/queue.o
 .text          0x00000000        0x0 ./Output/queue.o
 .data          0x00000000        0x0 ./Output/queue.o
 .bss           0x00000000        0x0 ./Output/queue.o
 .text.prvCopyDataToQueue
                0x00000000       0x56 ./Output/queue.o
 .text.xQueueGenericSend
                0x00000000      0x174 ./Output/queue.o
 .text.xQueueGenericSendFromISR
                0x00000000       0xec ./Output/queue.o
 .text.xQueueGiveFromISR
                0x00000000       0xd4 ./Output/queue.o
 .text.xQueueSemaphoreTake
                0x00000000      0x136 ./Output/queue.o
 .text.xQueuePeek
                0x00000000      0x144 ./Output/queue.o
 .text.xQueueReceiveFromISR
                0x00000000       0xc8 ./Output/queue.o
 .text.xQueuePeekFromISR
                0x00000000       0x86 ./Output/queue.o
 .text.uxQueueMessagesWaiting
                0x00000000       0x2a ./Output/queue.o
 .text.uxQueueSpacesAvailable
                0x00000000       0x2e ./Output/queue.o
 .text.uxQueueMessagesWaitingFromISR
                0x00000000       0x1c ./Output/queue.o
 .text.vQueueDelete
                0x00000000       0x1c ./Output/queue.o
 .text.uxQueueGetQueueItemSize
                0x00000000        0x4 ./Output/queue.o
 .text.uxQueueGetQueueLength
                0x00000000        0x4 ./Output/queue.o
 .text.xQueueIsQueueEmptyFromISR
                0x00000000       0x22 ./Output/queue.o
 .text.xQueueIsQueueFullFromISR
                0x00000000       0x24 ./Output/queue.o
 .debug_macro   0x00000000      0xacc ./Output/queue.o
 .debug_macro   0x00000000       0x2a ./Output/queue.o
 .debug_macro   0x00000000       0x22 ./Output/queue.o
 .debug_macro   0x00000000       0x60 ./Output/queue.o
 .debug_macro   0x00000000       0x94 ./Output/queue.o
 .debug_macro   0x00000000       0x3c ./Output/queue.o
 .debug_macro   0x00000000       0x34 ./Output/queue.o
 .debug_macro   0x00000000       0x16 ./Output/queue.o
 .debug_macro   0x00000000      0x11c ./Output/queue.o
 .debug_macro   0x00000000       0x9b ./Output/queue.o
 .debug_macro   0x00000000       0x57 ./Output/queue.o
 .debug_macro   0x00000000      0x370 ./Output/queue.o
 .debug_macro   0x00000000       0x16 ./Output/queue.o
 .debug_macro   0x00000000       0x4a ./Output/queue.o
 .debug_macro   0x00000000       0x34 ./Output/queue.o
 .debug_macro   0x00000000       0x10 ./Output/queue.o
 .debug_macro   0x00000000       0x52 ./Output/queue.o
 .debug_macro   0x00000000      0x1de ./Output/queue.o
 .debug_macro   0x00000000       0x16 ./Output/queue.o
 .debug_macro   0x00000000       0x29 ./Output/queue.o
 .debug_macro   0x00000000       0x16 ./Output/queue.o
 .debug_macro   0x00000000       0x3c ./Output/queue.o
 .debug_macro   0x00000000      0x34e ./Output/queue.o
 .debug_macro   0x00000000       0x16 ./Output/queue.o
 .debug_macro   0x00000000       0xdc ./Output/queue.o
 .debug_macro   0x00000000       0x1c ./Output/queue.o
 .debug_macro   0x00000000      0x182 ./Output/queue.o
 .debug_macro   0x00000000       0xee ./Output/queue.o
 .debug_macro   0x00000000       0x2e ./Output/queue.o
 .debug_macro   0x00000000       0x1f ./Output/queue.o
 .debug_macro   0x00000000       0x12 ./Output/queue.o
 .debug_macro   0x00000000     0x1127 ./Output/queue.o
 .debug_macro   0x00000000       0xc3 ./Output/queue.o
 .debug_macro   0x00000000      0x14f ./Output/queue.o
 .debug_macro   0x00000000       0x80 ./Output/queue.o
 .group         0x00000000        0xc ./Output/event_groups.o
 .group         0x00000000        0xc ./Output/event_groups.o
 .group         0x00000000        0xc ./Output/event_groups.o
 .group         0x00000000        0xc ./Output/event_groups.o
 .group         0x00000000        0xc ./Output/event_groups.o
 .group         0x00000000        0xc ./Output/event_groups.o
 .group         0x00000000        0xc ./Output/event_groups.o
 .group         0x00000000        0xc ./Output/event_groups.o
 .group         0x00000000        0xc ./Output/event_groups.o
 .group         0x00000000        0xc ./Output/event_groups.o
 .group         0x00000000        0xc ./Output/event_groups.o
 .group         0x00000000        0xc ./Output/event_groups.o
 .group         0x00000000        0xc ./Output/event_groups.o
 .group         0x00000000        0xc ./Output/event_groups.o
 .group         0x00000000        0xc ./Output/event_groups.o
 .group         0x00000000        0xc ./Output/event_groups.o
 .group         0x00000000        0xc ./Output/event_groups.o
 .group         0x00000000        0xc ./Output/event_groups.o
 .group         0x00000000        0xc ./Output/event_groups.o
 .group         0x00000000        0xc ./Output/event_groups.o
 .group         0x00000000        0xc ./Output/event_groups.o
 .group         0x00000000        0xc ./Output/event_groups.o
 .group         0x00000000        0xc ./Output/event_groups.o
 .group         0x00000000        0xc ./Output/event_groups.o
 .group         0x00000000        0xc ./Output/event_groups.o
 .group         0x00000000        0xc ./Output/event_groups.o
 .group         0x00000000        0xc ./Output/event_groups.o
 .group         0x00000000        0xc ./Output/event_groups.o
 .group         0x00000000        0xc ./Output/event_groups.o
 .group         0x00000000        0xc ./Output/event_groups.o
 .group         0x00000000        0xc ./Output/event_groups.o
 .group         0x00000000        0xc ./Output/event_groups.o
 .group         0x00000000        0xc ./Output/event_groups.o
 .group         0x00000000        0xc ./Output/event_groups.o
 .text          0x00000000        0x0 ./Output/event_groups.o
 .data          0x00000000        0x0 ./Output/event_groups.o
 .bss           0x00000000        0x0 ./Output/event_groups.o
 .text.xEventGroupCreate
                0x00000000       0x1a ./Output/event_groups.o
 .text.xEventGroupWaitBits
                0x00000000      0x120 ./Output/event_groups.o
 .text.xEventGroupClearBits
                0x00000000       0x4e ./Output/event_groups.o
 .text.xEventGroupGetBitsFromISR
                0x00000000       0x20 ./Output/event_groups.o
 .text.xEventGroupSetBits
                0x00000000       0x90 ./Output/event_groups.o
 .text.xEventGroupSync
                0x00000000       0xdc ./Output/event_groups.o
 .text.vEventGroupDelete
                0x00000000       0x5c ./Output/event_groups.o
 .text.vEventGroupSetBitsCallback
                0x00000000        0x4 ./Output/event_groups.o
 .text.vEventGroupClearBitsCallback
                0x00000000        0x4 ./Output/event_groups.o
 .debug_info    0x00000000      0xd18 ./Output/event_groups.o
 .debug_abbrev  0x00000000      0x35c ./Output/event_groups.o
 .debug_loclists
                0x00000000      0x6f2 ./Output/event_groups.o
 .debug_aranges
                0x00000000       0x60 ./Output/event_groups.o
 .debug_rnglists
                0x00000000       0x6d ./Output/event_groups.o
 .debug_macro   0x00000000      0x1a6 ./Output/event_groups.o
 .debug_macro   0x00000000      0xacc ./Output/event_groups.o
 .debug_macro   0x00000000       0x2a ./Output/event_groups.o
 .debug_macro   0x00000000       0x22 ./Output/event_groups.o
 .debug_macro   0x00000000       0x60 ./Output/event_groups.o
 .debug_macro   0x00000000       0x94 ./Output/event_groups.o
 .debug_macro   0x00000000       0x3c ./Output/event_groups.o
 .debug_macro   0x00000000       0x34 ./Output/event_groups.o
 .debug_macro   0x00000000       0x16 ./Output/event_groups.o
 .debug_macro   0x00000000      0x11c ./Output/event_groups.o
 .debug_macro   0x00000000       0x9b ./Output/event_groups.o
 .debug_macro   0x00000000       0x57 ./Output/event_groups.o
 .debug_macro   0x00000000      0x370 ./Output/event_groups.o
 .debug_macro   0x00000000       0x16 ./Output/event_groups.o
 .debug_macro   0x00000000       0x4a ./Output/event_groups.o
 .debug_macro   0x00000000       0x34 ./Output/event_groups.o
 .debug_macro   0x00000000       0x10 ./Output/event_groups.o
 .debug_macro   0x00000000       0x52 ./Output/event_groups.o
 .debug_macro   0x00000000      0x1de ./Output/event_groups.o
 .debug_macro   0x00000000       0x16 ./Output/event_groups.o
 .debug_macro   0x00000000       0x29 ./Output/event_groups.o
 .debug_macro   0x00000000      0x34e ./Output/event_groups.o
 .debug_macro   0x00000000       0x16 ./Output/event_groups.o
 .debug_macro   0x00000000       0xdc ./Output/event_groups.o
 .debug_macro   0x00000000       0x1c ./Output/event_groups.o
 .debug_macro   0x00000000      0x182 ./Output/event_groups.o
 .debug_macro   0x00000000       0xee ./Output/event_groups.o
 .debug_macro   0x00000000       0x2e ./Output/event_groups.o
 .debug_macro   0x00000000       0x1f ./Output/event_groups.o
 .debug_macro   0x00000000       0x12 ./Output/event_groups.o
 .debug_macro   0x00000000     0x1127 ./Output/event_groups.o
 .debug_macro   0x00000000       0xc3 ./Output/event_groups.o
 .debug_macro   0x00000000      0x14f ./Output/event_groups.o
 .debug_macro   0x00000000       0x98 ./Output/event_groups.o
 .debug_macro   0x00000000       0x31 ./Output/event_groups.o
 .debug_line    0x00000000      0x9ae ./Output/event_groups.o
 .debug_str     0x00000000    0x1260c ./Output/event_groups.o
 .comment       0x00000000       0x27 ./Output/event_groups.o
 .debug_frame   0x00000000      0x100 ./Output/event_groups.o
 .ARM.attributes
                0x00000000       0x34 ./Output/event_groups.o
 .group         0x00000000        0xc ./Output/stream_buffer.o
 .group         0x00000000        0xc ./Output/stream_buffer.o
 .group         0x00000000        0xc ./Output/stream_buffer.o
 .group         0x00000000        0xc ./Output/stream_buffer.o
 .group         0x00000000        0xc ./Output/stream_buffer.o
 .group         0x00000000        0xc ./Output/stream_buffer.o
 .group         0x00000000        0xc ./Output/stream_buffer.o
 .group         0x00000000        0xc ./Output/stream_buffer.o
 .group         0x00000000        0xc ./Output/stream_buffer.o
 .group         0x00000000        0xc ./Output/stream_buffer.o
 .group         0x00000000        0xc ./Output/stream_buffer.o
 .group         0x00000000        0xc ./Output/stream_buffer.o
 .group         0x00000000        0xc ./Output/stream_buffer.o
 .group         0x00000000        0xc ./Output/stream_buffer.o
 .group         0x00000000        0xc ./Output/stream_buffer.o
 .group         0x00000000        0xc ./Output/stream_buffer.o
 .group         0x00000000        0xc ./Output/stream_buffer.o
 .group         0x00000000        0xc ./Output/stream_buffer.o
 .group         0x00000000        0xc ./Output/stream_buffer.o
 .group         0x00000000        0xc ./Output/stream_buffer.o
 .group         0x00000000        0xc ./Output/stream_buffer.o
 .group         0x00000000        0xc ./Output/stream_buffer.o
 .group         0x00000000        0xc ./Output/stream_buffer.o
 .group         0x00000000        0xc ./Output/stream_buffer.o
 .group         0x00000000        0xc ./Output/stream_buffer.o
 .group         0x00000000        0xc ./Output/stream_buffer.o
 .group         0x00000000        0xc ./Output/stream_buffer.o
 .group         0x00000000        0xc ./Output/stream_buffer.o
 .group         0x00000000        0xc ./Output/stream_buffer.o
 .group         0x00000000        0xc ./Output/stream_buffer.o
 .group         0x00000000        0xc ./Output/stream_buffer.o
 .text          0x00000000        0x0 ./Output/stream_buffer.o
 .data          0x00000000        0x0 ./Output/stream_buffer.o
 .bss           0x00000000        0x0 ./Output/stream_buffer.o
 .text.prvBytesInBuffer
                0x00000000       0x12 ./Output/stream_buffer.o
 .text.prvWriteBytesToBuffer.part.0
                0x00000000       0x76 ./Output/stream_buffer.o
 .text.prvWriteMessageToBuffer
                0x00000000       0x46 ./Output/stream_buffer.o
 .text.prvReadBytesFromBuffer.part.0
                0x00000000       0x5c ./Output/stream_buffer.o
 .text.prvReadMessageFromBuffer
                0x00000000       0x44 ./Output/stream_buffer.o
 .text.prvInitialiseNewStreamBuffer.isra.0
                0x00000000       0x48 ./Output/stream_buffer.o
 .text.xStreamBufferGenericCreate
                0x00000000       0xac ./Output/stream_buffer.o
 .text.vStreamBufferDelete
                0x00000000       0x2a ./Output/stream_buffer.o
 .text.xStreamBufferReset
                0x00000000       0x4c ./Output/stream_buffer.o
 .text.xStreamBufferResetFromISR
                0x00000000       0x5a ./Output/stream_buffer.o
 .text.xStreamBufferSetTriggerLevel
                0x00000000       0x2c ./Output/stream_buffer.o
 .text.xStreamBufferSpacesAvailable
                0x00000000       0x36 ./Output/stream_buffer.o
 .text.xStreamBufferBytesAvailable
                0x00000000       0x1c ./Output/stream_buffer.o
 .text.xStreamBufferSend
                0x00000000      0x13c ./Output/stream_buffer.o
 .text.xStreamBufferSendFromISR
                0x00000000       0xa8 ./Output/stream_buffer.o
 .text.xStreamBufferReceive
                0x00000000       0xee ./Output/stream_buffer.o
 .text.xStreamBufferNextMessageLengthBytes
                0x00000000       0x5a ./Output/stream_buffer.o
 .text.xStreamBufferReceiveFromISR
                0x00000000       0x96 ./Output/stream_buffer.o
 .text.xStreamBufferIsEmpty
                0x00000000       0x24 ./Output/stream_buffer.o
 .text.xStreamBufferIsFull
                0x00000000       0x30 ./Output/stream_buffer.o
 .text.xStreamBufferSendCompletedFromISR
                0x00000000       0x56 ./Output/stream_buffer.o
 .text.xStreamBufferReceiveCompletedFromISR
                0x00000000       0x56 ./Output/stream_buffer.o
 .text.uxStreamBufferGetStreamBufferNotificationIndex
                0x00000000       0x1c ./Output/stream_buffer.o
 .text.vStreamBufferSetStreamBufferNotificationIndex
                0x00000000       0x68 ./Output/stream_buffer.o
 .debug_info    0x00000000     0x1e2f ./Output/stream_buffer.o
 .debug_abbrev  0x00000000      0x3b9 ./Output/stream_buffer.o
 .debug_loclists
                0x00000000     0x103a ./Output/stream_buffer.o
 .debug_aranges
                0x00000000       0xd8 ./Output/stream_buffer.o
 .debug_rnglists
                0x00000000       0xbd ./Output/stream_buffer.o
 .debug_macro   0x00000000      0x1de ./Output/stream_buffer.o
 .debug_macro   0x00000000      0xacc ./Output/stream_buffer.o
 .debug_macro   0x00000000       0x22 ./Output/stream_buffer.o
 .debug_macro   0x00000000       0x60 ./Output/stream_buffer.o
 .debug_macro   0x00000000       0x2a ./Output/stream_buffer.o
 .debug_macro   0x00000000       0x94 ./Output/stream_buffer.o
 .debug_macro   0x00000000       0x3c ./Output/stream_buffer.o
 .debug_macro   0x00000000       0x34 ./Output/stream_buffer.o
 .debug_macro   0x00000000      0x190 ./Output/stream_buffer.o
 .debug_macro   0x00000000       0x57 ./Output/stream_buffer.o
 .debug_macro   0x00000000      0x370 ./Output/stream_buffer.o
 .debug_macro   0x00000000       0x16 ./Output/stream_buffer.o
 .debug_macro   0x00000000       0x4a ./Output/stream_buffer.o
 .debug_macro   0x00000000       0x34 ./Output/stream_buffer.o
 .debug_macro   0x00000000       0x10 ./Output/stream_buffer.o
 .debug_macro   0x00000000       0x52 ./Output/stream_buffer.o
 .debug_macro   0x00000000      0x1de ./Output/stream_buffer.o
 .debug_macro   0x00000000       0x10 ./Output/stream_buffer.o
 .debug_macro   0x00000000       0x3c ./Output/stream_buffer.o
 .debug_macro   0x00000000      0x34e ./Output/stream_buffer.o
 .debug_macro   0x00000000       0x16 ./Output/stream_buffer.o
 .debug_macro   0x00000000       0xdc ./Output/stream_buffer.o
 .debug_macro   0x00000000       0x1c ./Output/stream_buffer.o
 .debug_macro   0x00000000      0x182 ./Output/stream_buffer.o
 .debug_macro   0x00000000       0xee ./Output/stream_buffer.o
 .debug_macro   0x00000000       0x2e ./Output/stream_buffer.o
 .debug_macro   0x00000000       0x1f ./Output/stream_buffer.o
 .debug_macro   0x00000000       0x12 ./Output/stream_buffer.o
 .debug_macro   0x00000000     0x1127 ./Output/stream_buffer.o
 .debug_macro   0x00000000       0xc3 ./Output/stream_buffer.o
 .debug_macro   0x00000000      0x14f ./Output/stream_buffer.o
 .debug_macro   0x00000000       0x38 ./Output/stream_buffer.o
 .debug_line    0x00000000     0x14ac ./Output/stream_buffer.o
 .debug_str     0x00000000    0x12a5a ./Output/stream_buffer.o
 .comment       0x00000000       0x27 ./Output/stream_buffer.o
 .debug_frame   0x00000000      0x2b8 ./Output/stream_buffer.o
 .ARM.attributes
                0x00000000       0x34 ./Output/stream_buffer.o
 .group         0x00000000        0xc ./Output/main.o
 .group         0x00000000        0xc ./Output/main.o
 .group         0x00000000        0xc ./Output/main.o
 .group         0x00000000        0xc ./Output/main.o
 .group         0x00000000        0xc ./Output/main.o
 .group         0x00000000        0xc ./Output/main.o
 .group         0x00000000        0xc ./Output/main.o
 .group         0x00000000        0xc ./Output/main.o
 .group         0x00000000        0xc ./Output/main.o
 .group         0x00000000        0xc ./Output/main.o
 .group         0x00000000        0xc ./Output/main.o
 .group         0x00000000        0xc ./Output/main.o
 .group         0x00000000        0xc ./Output/main.o
 .group         0x00000000        0xc ./Output/main.o
 .group         0x00000000        0xc ./Output/main.o
 .group         0x00000000        0xc ./Output/main.o
 .group         0x00000000        0xc ./Output/main.o
 .group         0x00000000        0xc ./Output/main.o
 .group         0x00000000        0xc ./Output/main.o
 .group         0x00000000        0xc ./Output/main.o
 .group         0x00000000        0xc ./Output/main.o
 .group         0x00000000        0xc ./Output/main.o
 .group         0x00000000        0xc ./Output/main.o
 .group         0x00000000        0xc ./Output/main.o
 .group         0x00000000        0xc ./Output/main.o
 .group         0x00000000        0xc ./Output/main.o
 .group         0x00000000        0xc ./Output/main.o
 .group         0x00000000        0xc ./Output/main.o
 .group         0x00000000        0xc ./Output/main.o
 .group         0x00000000        0xc ./Output/main.o
 .group         0x00000000        0xc ./Output/main.o
 .group         0x00000000        0xc ./Output/main.o
 .group         0x00000000        0xc ./Output/main.o
 .group         0x00000000        0xc ./Output/main.o
 .group         0x00000000        0xc ./Output/main.o
 .group         0x00000000        0xc ./Output/main.o
 .group         0x00000000        0xc ./Output/main.o
 .text          0x00000000        0x0 ./Output/main.o
 .data          0x00000000        0x0 ./Output/main.o
 .bss           0x00000000        0x0 ./Output/main.o
 .debug_macro   0x00000000      0xacc ./Output/main.o
 .debug_macro   0x00000000      0x190 ./Output/main.o
 .debug_macro   0x00000000      0x34e ./Output/main.o
 .debug_macro   0x00000000       0x16 ./Output/main.o
 .debug_macro   0x00000000       0xdc ./Output/main.o
 .debug_macro   0x00000000       0x1c ./Output/main.o
 .debug_macro   0x00000000      0x182 ./Output/main.o
 .debug_macro   0x00000000       0xee ./Output/main.o
 .debug_macro   0x00000000       0x2e ./Output/main.o
 .debug_macro   0x00000000       0x1f ./Output/main.o
 .debug_macro   0x00000000       0x12 ./Output/main.o
 .debug_macro   0x00000000     0x1127 ./Output/main.o
 .debug_macro   0x00000000       0xc3 ./Output/main.o
 .debug_macro   0x00000000      0x14f ./Output/main.o
 .debug_macro   0x00000000       0x80 ./Output/main.o
 .debug_macro   0x00000000       0x22 ./Output/main.o
 .debug_macro   0x00000000       0x60 ./Output/main.o
 .debug_macro   0x00000000       0x2a ./Output/main.o
 .debug_macro   0x00000000       0x94 ./Output/main.o
 .debug_macro   0x00000000       0x3c ./Output/main.o
 .debug_macro   0x00000000       0x34 ./Output/main.o
 .debug_macro   0x00000000       0x57 ./Output/main.o
 .debug_macro   0x00000000       0x3c ./Output/main.o
 .debug_macro   0x00000000      0x370 ./Output/main.o
 .debug_macro   0x00000000       0x16 ./Output/main.o
 .debug_macro   0x00000000       0x4a ./Output/main.o
 .debug_macro   0x00000000       0x34 ./Output/main.o
 .debug_macro   0x00000000       0x10 ./Output/main.o
 .debug_macro   0x00000000       0x52 ./Output/main.o
 .debug_macro   0x00000000      0x1de ./Output/main.o
 .group         0x00000000        0xc ./Output/lpuart.o
 .group         0x00000000        0xc ./Output/lpuart.o
 .group         0x00000000        0xc ./Output/lpuart.o
 .text          0x00000000        0x0 ./Output/lpuart.o
 .data          0x00000000        0x0 ./Output/lpuart.o
 .bss           0x00000000        0x0 ./Output/lpuart.o
 .debug_macro   0x00000000      0xacc ./Output/lpuart.o
 .debug_macro   0x00000000      0x34e ./Output/lpuart.o
 .group         0x00000000        0xc ./Output/pit.o
 .group         0x00000000        0xc ./Output/pit.o
 .group         0x00000000        0xc ./Output/pit.o
 .group         0x00000000        0xc ./Output/pit.o
 .group         0x00000000        0xc ./Output/pit.o
 .group         0x00000000        0xc ./Output/pit.o
 .group         0x00000000        0xc ./Output/pit.o
 .group         0x00000000        0xc ./Output/pit.o
 .group         0x00000000        0xc ./Output/pit.o
 .group         0x00000000        0xc ./Output/pit.o
 .group         0x00000000        0xc ./Output/pit.o
 .group         0x00000000        0xc ./Output/pit.o
 .group         0x00000000        0xc ./Output/pit.o
 .group         0x00000000        0xc ./Output/pit.o
 .group         0x00000000        0xc ./Output/pit.o
 .text          0x00000000        0x0 ./Output/pit.o
 .data          0x00000000        0x0 ./Output/pit.o
 .bss           0x00000000        0x0 ./Output/pit.o
 .text.NVIC_DisableIRQ
                0x00000000       0x12 ./Output/pit.o
 .text.NVIC_ClearPendingIRQ
                0x00000000       0x12 ./Output/pit.o
 .text.pit_clear_interrupt
                0x00000000       0x10 ./Output/pit.o
 .debug_macro   0x00000000      0xacc ./Output/pit.o
 .debug_macro   0x00000000      0x34e ./Output/pit.o
 .debug_macro   0x00000000       0x76 ./Output/pit.o
 .debug_macro   0x00000000       0x40 ./Output/pit.o
 .debug_macro   0x00000000      0x190 ./Output/pit.o
 .debug_macro   0x00000000       0x16 ./Output/pit.o
 .debug_macro   0x00000000       0xdc ./Output/pit.o
 .debug_macro   0x00000000       0x1c ./Output/pit.o
 .debug_macro   0x00000000      0x182 ./Output/pit.o
 .debug_macro   0x00000000       0xee ./Output/pit.o
 .debug_macro   0x00000000       0x2e ./Output/pit.o
 .debug_macro   0x00000000       0x1f ./Output/pit.o
 .debug_macro   0x00000000       0x12 ./Output/pit.o
 .debug_macro   0x00000000     0x1127 ./Output/pit.o
 .group         0x00000000        0xc ./Output/clock.o
 .group         0x00000000        0xc ./Output/clock.o
 .group         0x00000000        0xc ./Output/clock.o
 .text          0x00000000        0x0 ./Output/clock.o
 .data          0x00000000        0x0 ./Output/clock.o
 .bss           0x00000000        0x0 ./Output/clock.o
 .text.clock_config
                0x00000000       0x20 ./Output/clock.o
 .text.set_prescaler
                0x00000000       0x18 ./Output/clock.o
 .debug_info    0x00000000       0xd8 ./Output/clock.o
 .debug_abbrev  0x00000000       0x98 ./Output/clock.o
 .debug_loclists
                0x00000000       0x52 ./Output/clock.o
 .debug_aranges
                0x00000000       0x28 ./Output/clock.o
 .debug_rnglists
                0x00000000       0x19 ./Output/clock.o
 .debug_macro   0x00000000       0x23 ./Output/clock.o
 .debug_macro   0x00000000      0xacc ./Output/clock.o
 .debug_macro   0x00000000      0x34e ./Output/clock.o
 .debug_macro   0x00000000       0x28 ./Output/clock.o
 .debug_line    0x00000000       0xaa ./Output/clock.o
 .debug_str     0x00000000     0x3a2e ./Output/clock.o
 .comment       0x00000000       0x27 ./Output/clock.o
 .debug_frame   0x00000000       0x30 ./Output/clock.o
 .ARM.attributes
                0x00000000       0x34 ./Output/clock.o
 .group         0x00000000        0xc ./Output/startup.o
 .group         0x00000000        0xc ./Output/startup.o
 .group         0x00000000        0xc ./Output/startup.o
 .group         0x00000000        0xc ./Output/startup.o
 .text          0x00000000        0x0 ./Output/startup.o
 .data          0x00000000        0x0 ./Output/startup.o
 .bss           0x00000000        0x0 ./Output/startup.o
 .debug_macro   0x00000000      0xacc ./Output/startup.o
 .debug_macro   0x00000000      0x34e ./Output/startup.o
 .debug_macro   0x00000000       0x3a ./Output/startup.o
 .debug_macro   0x00000000       0x76 ./Output/startup.o
 .data          0x00000000        0x0 /usr/lib/gcc/arm-none-eabi/13.2.1/../../../arm-none-eabi/lib/thumb/v7e-m+fp/hard/libc_nano.a(libc_a-memset.o)
 .bss           0x00000000        0x0 /usr/lib/gcc/arm-none-eabi/13.2.1/../../../arm-none-eabi/lib/thumb/v7e-m+fp/hard/libc_nano.a(libc_a-memset.o)
 .data          0x00000000        0x0 /usr/lib/gcc/arm-none-eabi/13.2.1/../../../arm-none-eabi/lib/thumb/v7e-m+fp/hard/libc_nano.a(libc_a-memcpy.o)
 .bss           0x00000000        0x0 /usr/lib/gcc/arm-none-eabi/13.2.1/../../../arm-none-eabi/lib/thumb/v7e-m+fp/hard/libc_nano.a(libc_a-memcpy.o)
 .ARM.extab     0x00000000        0x0 /usr/lib/gcc/arm-none-eabi/13.2.1/../../../arm-none-eabi/lib/thumb/v7e-m+fp/hard/libc_nano.a(libc_a-memcpy.o)
 .eh_frame      0x00000000       0x2c /usr/lib/gcc/arm-none-eabi/13.2.1/../../../arm-none-eabi/lib/thumb/v7e-m+fp/hard/libc_nano.a(libc_a-memcpy.o)

Memory Configuration

Name             Origin             Length             Attributes
FLASH            0x00400000         0x00200000         xr
RAM              0x20400000         0x00040000         rw
*default*        0x00000000         0xffffffff

Linker script and memory map

LOAD ./Output/list.o
LOAD ./Output/tasks.o
LOAD ./Output/timers.o
LOAD ./Output/heap_4.o
LOAD ./Output/port.o
LOAD ./Output/queue.o
LOAD ./Output/event_groups.o
LOAD ./Output/stream_buffer.o
LOAD ./Output/main.o
LOAD ./Output/lpuart.o
LOAD ./Output/pit.o
LOAD ./Output/clock.o
LOAD ./Output/startup.o
START GROUP
LOAD /usr/lib/gcc/arm-none-eabi/13.2.1/thumb/v7e-m+fp/hard/libgcc.a
LOAD /usr/lib/gcc/arm-none-eabi/13.2.1/../../../arm-none-eabi/lib/thumb/v7e-m+fp/hard/libc_nano.a
END GROUP
START GROUP
LOAD /usr/lib/gcc/arm-none-eabi/13.2.1/thumb/v7e-m+fp/hard/libgcc.a
LOAD /usr/lib/gcc/arm-none-eabi/13.2.1/../../../arm-none-eabi/lib/thumb/v7e-m+fp/hard/libc_nano.a
LOAD /usr/lib/gcc/arm-none-eabi/13.2.1/../../../arm-none-eabi/lib/thumb/v7e-m+fp/hard/libnosys.a
END GROUP
START GROUP
LOAD /usr/lib/gcc/arm-none-eabi/13.2.1/thumb/v7e-m+fp/hard/libgcc.a
LOAD /usr/lib/gcc/arm-none-eabi/13.2.1/../../../arm-none-eabi/lib/thumb/v7e-m+fp/hard/libc_nano.a
LOAD /usr/lib/gcc/arm-none-eabi/13.2.1/../../../arm-none-eabi/lib/thumb/v7e-m+fp/hard/libnosys.a
END GROUP
                0x00000008                        _Min_Heap_Size = 0x8
                0x00000400                        _Min_Stack_Size = 0x400
                0x20440000                        _estack = (ORIGIN (RAM) + LENGTH (RAM))

.isr_vector     0x00400000      0x3c4
                0x00400000                        __vector_table = .
 *(.isr_vector)
 .isr_vector    0x00400000      0x3c4 ./Output/startup.o
                0x00400000                isr_vector
                0x004003c4                        . = ALIGN (0x4)

.text           0x004003c4      0x268
 *(.text)
 .text          0x004003c4       0xa4 /usr/lib/gcc/arm-none-eabi/13.2.1/../../../arm-none-eabi/lib/thumb/v7e-m+fp/hard/libc_nano.a(libc_a-memset.o)
                0x004003c4                memset
 .text          0x00400468      0x134 /usr/lib/gcc/arm-none-eabi/13.2.1/../../../arm-none-eabi/lib/thumb/v7e-m+fp/hard/libc_nano.a(libc_a-memcpy.o)
                0x00400468                memcpy
 *(.rodata*)
 .rodata.vTaskStartScheduler.str1.1
                0x0040059c       0x89 ./Output/tasks.o
                                  0x5 (size before relaxing)
 *fill*         0x00400625        0x3 
 .rodata.uxTopUsedPriority
                0x00400628        0x4 ./Output/tasks.o
 .rodata.xTimerCreateTimerTask.str1.1
                0x0040062c        0x8 ./Output/timers.o
 .rodata.vTask1.str1.1
                0x0040062c       0x10 ./Output/main.o
 .rodata.vTask2.str1.1
                0x0040062c       0x10 ./Output/main.o
 .rodata.main.str1.1
                0x0040062c        0xc ./Output/main.o
 .rodata.PIT_Handler.str1.1
                0x0040062c       0x1a ./Output/pit.o
 .rodata.prvGetRegistersFromStack.str1.1
                0x0040062c       0x36 ./Output/startup.o
 *(.constdata*)
                0x0040062c                        _etext = .
                0x0040062c                        _sidata = .

.glue_7         0x0040062c        0x0
 .glue_7        0x0040062c        0x0 linker stubs

.glue_7t        0x0040062c        0x0
 .glue_7t       0x0040062c        0x0 linker stubs

.vfp11_veneer   0x0040062c        0x0
 .vfp11_veneer  0x0040062c        0x0 linker stubs

.v4_bx          0x0040062c        0x0
 .v4_bx         0x0040062c        0x0 linker stubs

.text.vListInitialise
                0x0040062c       0x16
 .text.vListInitialise
                0x0040062c       0x16 ./Output/list.o
                0x0040062c                vListInitialise

.text.vListInitialiseItem
                0x00400642        0x6
 .text.vListInitialiseItem
                0x00400642        0x6 ./Output/list.o
                0x00400642                vListInitialiseItem

.text.vListInsert
                0x00400648       0x2e
 .text.vListInsert
                0x00400648       0x2e ./Output/list.o
                0x00400648                vListInsert

.text.uxListRemove
                0x00400676       0x1e
 .text.uxListRemove
                0x00400676       0x1e ./Output/list.o
                0x00400676                uxListRemove

.text.prvAddCurrentTaskToDelayedList
                0x00400694       0xac
 .text.prvAddCurrentTaskToDelayedList
                0x00400694       0xac ./Output/tasks.o

.text.prvResetNextTaskUnblockTime
                0x00400740       0x24
 .text.prvResetNextTaskUnblockTime
                0x00400740       0x24 ./Output/tasks.o

.text.prvCheckTasksWaitingTermination
                0x00400764       0x48
 .text.prvCheckTasksWaitingTermination
                0x00400764       0x48 ./Output/tasks.o

.text.prvIdleTask
                0x004007ac       0x28
 .text.prvIdleTask
                0x004007ac       0x28 ./Output/tasks.o

.text.xTaskCreate
                0x004007d4      0x1c4
 .text.xTaskCreate
                0x004007d4      0x1c4 ./Output/tasks.o
                0x004007d4                xTaskCreate

.text.vTaskStartScheduler
                0x00400998       0x9c
 .text.vTaskStartScheduler
                0x00400998       0x9c ./Output/tasks.o
                0x00400998                vTaskStartScheduler

.text.vTaskSuspendAll
                0x00400a34       0x10
 .text.vTaskSuspendAll
                0x00400a34       0x10 ./Output/tasks.o
                0x00400a34                vTaskSuspendAll

.text.xTaskGetTickCount
                0x00400a44        0xc
 .text.xTaskGetTickCount
                0x00400a44        0xc ./Output/tasks.o
                0x00400a44                xTaskGetTickCount

.text.xTaskIncrementTick
                0x00400a50      0x194
 .text.xTaskIncrementTick
                0x00400a50      0x194 ./Output/tasks.o
                0x00400a50                xTaskIncrementTick

.text.xTaskResumeAll
                0x00400be4      0x168
 .text.xTaskResumeAll
                0x00400be4      0x168 ./Output/tasks.o
                0x00400be4                xTaskResumeAll

.text.vTaskDelay
                0x00400d4c       0x50
 .text.vTaskDelay
                0x00400d4c       0x50 ./Output/tasks.o
                0x00400d4c                vTaskDelay

.text.vTaskSwitchContext
                0x00400d9c       0x7c
 .text.vTaskSwitchContext
                0x00400d9c       0x7c ./Output/tasks.o
                0x00400d9c                vTaskSwitchContext

.text.vTaskPlaceOnEventList
                0x00400e18       0x38
 .text.vTaskPlaceOnEventList
                0x00400e18       0x38 ./Output/tasks.o
                0x00400e18                vTaskPlaceOnEventList

.text.vTaskPlaceOnEventListRestricted
                0x00400e50       0x5c
 .text.vTaskPlaceOnEventListRestricted
                0x00400e50       0x5c ./Output/tasks.o
                0x00400e50                vTaskPlaceOnEventListRestricted

.text.xTaskRemoveFromEventList
                0x00400eac       0xd0
 .text.xTaskRemoveFromEventList
                0x00400eac       0xd0 ./Output/tasks.o
                0x00400eac                xTaskRemoveFromEventList

.text.vTaskInternalSetTimeOutState
                0x00400f7c       0x18
 .text.vTaskInternalSetTimeOutState
                0x00400f7c       0x18 ./Output/tasks.o
                0x00400f7c                vTaskInternalSetTimeOutState

.text.xTaskCheckForTimeOut
                0x00400f94       0x80
 .text.xTaskCheckForTimeOut
                0x00400f94       0x80 ./Output/tasks.o
                0x00400f94                xTaskCheckForTimeOut

.text.vTaskMissedYield
                0x00401014        0xc
 .text.vTaskMissedYield
                0x00401014        0xc ./Output/tasks.o
                0x00401014                vTaskMissedYield

.text.xTaskGetSchedulerState
                0x00401020       0x20
 .text.xTaskGetSchedulerState
                0x00401020       0x20 ./Output/tasks.o
                0x00401020                xTaskGetSchedulerState

.iplt           0x00401040        0x0
 .iplt          0x00401040        0x0 ./Output/tasks.o

.text.prvInsertTimerInActiveList
                0x00401040       0x3c
 .text.prvInsertTimerInActiveList
                0x00401040       0x3c ./Output/timers.o

.text.prvReloadTimer
                0x0040107c       0x26
 .text.prvReloadTimer
                0x0040107c       0x26 ./Output/timers.o

.text.prvProcessExpiredTimer
                0x004010a4       0x40
 .text.prvProcessExpiredTimer
                0x004010a4       0x40 ./Output/timers.o

.text.prvSampleTimeNow
                0x004010e4       0x4c
 .text.prvSampleTimeNow
                0x004010e4       0x4c ./Output/timers.o

.text.prvTimerTask
                0x00401130      0x174
 .text.prvTimerTask
                0x00401130      0x174 ./Output/timers.o

.text.prvCheckForValidListAndQueue
                0x004012a4       0x4c
 .text.prvCheckForValidListAndQueue
                0x004012a4       0x4c ./Output/timers.o

.text.xTimerCreateTimerTask
                0x004012f0       0x54
 .text.xTimerCreateTimerTask
                0x004012f0       0x54 ./Output/timers.o
                0x004012f0                xTimerCreateTimerTask

.text.pvPortMalloc
                0x00401344      0x1ac
 .text.pvPortMalloc
                0x00401344      0x1ac ./Output/heap_4.o
                0x00401344                pvPortMalloc

.text.vPortFree
                0x004014f0      0x10c
 .text.vPortFree
                0x004014f0      0x10c ./Output/heap_4.o
                0x004014f0                vPortFree

.text.vPortSVCHandler
                0x00401600       0x24
 .text.vPortSVCHandler
                0x00401600       0x24 ./Output/port.o
                0x00401600                vPortSVCHandler

.text.prvPortStartFirstTask
                0x00401624       0x28
 .text.prvPortStartFirstTask
                0x00401624       0x28 ./Output/port.o

.text.xPortPendSVHandler
                0x00401650       0x64
 .text.xPortPendSVHandler
                0x00401650       0x64 ./Output/port.o
                0x00401650                xPortPendSVHandler

.text.vPortEnableVFP
                0x004016b4       0x14
 .text.vPortEnableVFP
                0x004016b4       0x14 ./Output/port.o

.text.prvTaskExitError
                0x004016c8       0x48
 .text.prvTaskExitError
                0x004016c8       0x48 ./Output/port.o

.text.pxPortInitialiseStack
                0x00401710       0x24
 .text.pxPortInitialiseStack
                0x00401710       0x24 ./Output/port.o
                0x00401710                pxPortInitialiseStack

.text.vPortEnterCritical
                0x00401734       0x48
 .text.vPortEnterCritical
                0x00401734       0x48 ./Output/port.o
                0x00401734                vPortEnterCritical

.text.vPortExitCritical
                0x0040177c       0x2c
 .text.vPortExitCritical
                0x0040177c       0x2c ./Output/port.o
                0x0040177c                vPortExitCritical

.text.xPortSysTickHandler
                0x004017a8       0x30
 .text.xPortSysTickHandler
                0x004017a8       0x30 ./Output/port.o
                0x004017a8                xPortSysTickHandler

.text.vPortSetupTimerInterrupt
                0x004017d8       0x16
 .text.vPortSetupTimerInterrupt
                0x004017d8       0x16 ./Output/port.o
                0x004017d8                vPortSetupTimerInterrupt

.text.xPortStartScheduler
                0x004017f0      0x148
 .text.xPortStartScheduler
                0x004017f0      0x148 ./Output/port.o
                0x004017f0                xPortStartScheduler

.text.prvIsQueueEmpty
                0x00401938       0x16
 .text.prvIsQueueEmpty
                0x00401938       0x16 ./Output/queue.o

.text.prvCopyDataFromQueue
                0x0040194e       0x2a
 .text.prvCopyDataFromQueue
                0x0040194e       0x2a ./Output/queue.o

.text.prvUnlockQueue
                0x00401978       0x6c
 .text.prvUnlockQueue
                0x00401978       0x6c ./Output/queue.o

.text.xQueueGenericReset
                0x004019e4       0xa2
 .text.xQueueGenericReset
                0x004019e4       0xa2 ./Output/queue.o
                0x004019e4                xQueueGenericReset

.text.xQueueGenericCreate
                0x00401a86       0x52
 .text.xQueueGenericCreate
                0x00401a86       0x52 ./Output/queue.o
                0x00401a86                xQueueGenericCreate

.text.xQueueReceive
                0x00401ad8      0x148
 .text.xQueueReceive
                0x00401ad8      0x148 ./Output/queue.o
                0x00401ad8                xQueueReceive

.text.vQueueWaitForMessageRestricted
                0x00401c20       0x46
 .text.vQueueWaitForMessageRestricted
                0x00401c20       0x46 ./Output/queue.o
                0x00401c20                vQueueWaitForMessageRestricted

.text.vTask1    0x00401c68       0x18
 .text.vTask1   0x00401c68       0x18 ./Output/main.o
                0x00401c68                vTask1

.text.vTask2    0x00401c80       0x18
 .text.vTask2   0x00401c80       0x18 ./Output/main.o
                0x00401c80                vTask2

.text.startup.main
                0x00401c98       0x48
 .text.startup.main
                0x00401c98       0x48 ./Output/main.o
                0x00401c98                main

.text.my_printf
                0x00401ce0       0x1c
 .text.my_printf
                0x00401ce0       0x1c ./Output/lpuart.o
                0x00401ce0                my_printf

.text.lpuart_init
                0x00401cfc       0x18
 .text.lpuart_init
                0x00401cfc       0x18 ./Output/lpuart.o
                0x00401cfc                lpuart_init

.text.NVIC_EnableIRQ
                0x00401d14       0x12
 .text.NVIC_EnableIRQ
                0x00401d14       0x12 ./Output/pit.o
                0x00401d14                NVIC_EnableIRQ

.text.NVIC_SetPriority
                0x00401d26       0x1a
 .text.NVIC_SetPriority
                0x00401d26       0x1a ./Output/pit.o
                0x00401d26                NVIC_SetPriority

.text.pit_disable
                0x00401d40       0x14
 .text.pit_disable
                0x00401d40       0x14 ./Output/pit.o
                0x00401d40                pit_disable

.text.pit_init  0x00401d54       0x30
 .text.pit_init
                0x00401d54       0x30 ./Output/pit.o
                0x00401d54                pit_init

.text.PIT_Handler
                0x00401d84       0x18
 .text.PIT_Handler
                0x00401d84       0x18 ./Output/pit.o
                0x00401d84                PIT_Handler

.text.Default_Handler
                0x00401e00        0xc
 .text.Default_Handler
                0x00401e00        0xc ./Output/startup.o

.text.HardFault_Handler
                0x00401f00       0x18
 .text.HardFault_Handler
                0x00401f00       0x18 ./Output/startup.o

.text.Reset_Handler
                0x00401f18        0x4
 .text.Reset_Handler
                0x00401f18        0x4 ./Output/startup.o
                0x00401f18                Reset_Handler

.text.prvGetRegistersFromStack
                0x00401f1c       0x60
 .text.prvGetRegistersFromStack
                0x00401f1c       0x60 ./Output/startup.o
                0x00401f1c                prvGetRegistersFromStack

.rel.dyn        0x00401f7c        0x0
 .rel.iplt      0x00401f7c        0x0 ./Output/tasks.o

.ARM.exidx      0x00401f7c        0x8
 .ARM.exidx     0x00401f7c        0x8 /usr/lib/gcc/arm-none-eabi/13.2.1/../../../arm-none-eabi/lib/thumb/v7e-m+fp/hard/libc_nano.a(libc_a-memcpy.o)

.data           0x20400000        0x0
                0x20400000                        . = ALIGN (0x8)
                0x20400000                        _data = .
                0x20400000                        _sdata = .
 *(vtable)
 *(.data)
                0x20400000                        _edata = .

.igot.plt       0x20400000        0x0
 .igot.plt      0x20400000        0x0 ./Output/tasks.o

.data.uxCriticalNesting
                0x20400000        0x4
 .data.uxCriticalNesting
                0x20400000        0x4 ./Output/port.o

.bss            0x20400004        0x4
                0x20400008                        . = ALIGN (0x8)
 *fill*         0x20400004        0x4 
                0x20400008                        _bss = .
                0x20400008                        _sbss = .
 *(.bss)
                0x20400008                        _ebss = .

.bss.uxSchedulerSuspended
                0x20400008        0x4
 .bss.uxSchedulerSuspended
                0x20400008        0x4 ./Output/tasks.o

.bss.xIdleTaskHandles
                0x2040000c        0x4
 .bss.xIdleTaskHandles
                0x2040000c        0x4 ./Output/tasks.o

.bss.xNextTaskUnblockTime
                0x20400010        0x4
 .bss.xNextTaskUnblockTime
                0x20400010        0x4 ./Output/tasks.o

.bss.uxTaskNumber
                0x20400014        0x4
 .bss.uxTaskNumber
                0x20400014        0x4 ./Output/tasks.o

.bss.xNumOfOverflows
                0x20400018        0x4
 .bss.xNumOfOverflows
                0x20400018        0x4 ./Output/tasks.o

.bss.xYieldPendings
                0x2040001c        0x4
 .bss.xYieldPendings
                0x2040001c        0x4 ./Output/tasks.o

.bss.xPendedTicks
                0x20400020        0x4
 .bss.xPendedTicks
                0x20400020        0x4 ./Output/tasks.o

.bss.xSchedulerRunning
                0x20400024        0x4
 .bss.xSchedulerRunning
                0x20400024        0x4 ./Output/tasks.o

.bss.uxTopReadyPriority
                0x20400028        0x4
 .bss.uxTopReadyPriority
                0x20400028        0x4 ./Output/tasks.o

.bss.xTickCount
                0x2040002c        0x4
 .bss.xTickCount
                0x2040002c        0x4 ./Output/tasks.o

.bss.uxCurrentNumberOfTasks
                0x20400030        0x4
 .bss.uxCurrentNumberOfTasks
                0x20400030        0x4 ./Output/tasks.o

.bss.xSuspendedTaskList
                0x20400034       0x14
 .bss.xSuspendedTaskList
                0x20400034       0x14 ./Output/tasks.o

.bss.uxDeletedTasksWaitingCleanUp
                0x20400048        0x4
 .bss.uxDeletedTasksWaitingCleanUp
                0x20400048        0x4 ./Output/tasks.o

.bss.xTasksWaitingTermination
                0x2040004c       0x14
 .bss.xTasksWaitingTermination
                0x2040004c       0x14 ./Output/tasks.o

.bss.xPendingReadyList
                0x20400060       0x14
 .bss.xPendingReadyList
                0x20400060       0x14 ./Output/tasks.o

.bss.pxOverflowDelayedTaskList
                0x20400074        0x4
 .bss.pxOverflowDelayedTaskList
                0x20400074        0x4 ./Output/tasks.o

.bss.pxDelayedTaskList
                0x20400078        0x4
 .bss.pxDelayedTaskList
                0x20400078        0x4 ./Output/tasks.o

.bss.xDelayedTaskList2
                0x2040007c       0x14
 .bss.xDelayedTaskList2
                0x2040007c       0x14 ./Output/tasks.o

.bss.xDelayedTaskList1
                0x20400090       0x14
 .bss.xDelayedTaskList1
                0x20400090       0x14 ./Output/tasks.o

.bss.pxReadyTasksLists
                0x204000a4       0x64
 .bss.pxReadyTasksLists
                0x204000a4       0x64 ./Output/tasks.o

.bss.pxCurrentTCB
                0x20400108        0x4
 .bss.pxCurrentTCB
                0x20400108        0x4 ./Output/tasks.o
                0x20400108                pxCurrentTCB

.bss.xLastTime.0
                0x2040010c        0x4
 .bss.xLastTime.0
                0x2040010c        0x4 ./Output/timers.o

.bss.xTimerTaskHandle
                0x20400110        0x4
 .bss.xTimerTaskHandle
                0x20400110        0x4 ./Output/timers.o

.bss.xTimerQueue
                0x20400114        0x4
 .bss.xTimerQueue
                0x20400114        0x4 ./Output/timers.o

.bss.pxOverflowTimerList
                0x20400118        0x4
 .bss.pxOverflowTimerList
                0x20400118        0x4 ./Output/timers.o

.bss.pxCurrentTimerList
                0x2040011c        0x4
 .bss.pxCurrentTimerList
                0x2040011c        0x4 ./Output/timers.o

.bss.xActiveTimerList2
                0x20400120       0x14
 .bss.xActiveTimerList2
                0x20400120       0x14 ./Output/timers.o

.bss.xActiveTimerList1
                0x20400134       0x14
 .bss.xActiveTimerList1
                0x20400134       0x14 ./Output/timers.o

.bss.xNumberOfSuccessfulFrees
                0x20400148        0x4
 .bss.xNumberOfSuccessfulFrees
                0x20400148        0x4 ./Output/heap_4.o

.bss.xNumberOfSuccessfulAllocations
                0x2040014c        0x4
 .bss.xNumberOfSuccessfulAllocations
                0x2040014c        0x4 ./Output/heap_4.o

.bss.xMinimumEverFreeBytesRemaining
                0x20400150        0x4
 .bss.xMinimumEverFreeBytesRemaining
                0x20400150        0x4 ./Output/heap_4.o

.bss.xFreeBytesRemaining
                0x20400154        0x4
 .bss.xFreeBytesRemaining
                0x20400154        0x4 ./Output/heap_4.o

.bss.pxEnd      0x20400158        0x4
 .bss.pxEnd     0x20400158        0x4 ./Output/heap_4.o

.bss.xStart     0x2040015c        0x8
 .bss.xStart    0x2040015c        0x8 ./Output/heap_4.o

.bss.ucHeap     0x20400164     0x4000
 .bss.ucHeap    0x20400164     0x4000 ./Output/heap_4.o

.bss.ulMaxPRIGROUPValue
                0x20404164        0x4
 .bss.ulMaxPRIGROUPValue
                0x20404164        0x4 ./Output/port.o

.bss.ucMaxSysCallPriority
                0x20404168        0x1
 .bss.ucMaxSysCallPriority
                0x20404168        0x1 ./Output/port.o

.bss.psr        0x2040416c        0x4
 .bss.psr       0x2040416c        0x4 ./Output/startup.o
                0x2040416c                psr

.bss.pc         0x20404170        0x4
 .bss.pc        0x20404170        0x4 ./Output/startup.o
                0x20404170                pc

.bss.lr         0x20404174        0x4
 .bss.lr        0x20404174        0x4 ./Output/startup.o
                0x20404174                lr

.bss.r12        0x20404178        0x4
 .bss.r12       0x20404178        0x4 ./Output/startup.o
                0x20404178                r12

.bss.r3         0x2040417c        0x4
 .bss.r3        0x2040417c        0x4 ./Output/startup.o
                0x2040417c                r3

.bss.r2         0x20404180        0x4
 .bss.r2        0x20404180        0x4 ./Output/startup.o
                0x20404180                r2

.bss.r1         0x20404184        0x4
 .bss.r1        0x20404184        0x4 ./Output/startup.o
                0x20404184                r1

.bss.r0         0x20404188        0x4
 .bss.r0        0x20404188        0x4 ./Output/startup.o
                0x20404188                r0

.heap           0x2040418c      0x40c
                0x20404190                        . = ALIGN (0x8)
 *fill*         0x2040418c        0x4 
                [!provide]                        PROVIDE (end = .)
                [!provide]                        PROVIDE (_end = .)
                0x20404190                        _heap_bottom = .
                0x20404198                        . = (. + _Min_Heap_Size)
 *fill*         0x20404190        0x8 
                0x20404198                        _heap_top = .
                0x20404598                        . = (. + _Min_Stack_Size)
 *fill*         0x20404198      0x400 
                0x20404598                        . = ALIGN (0x8)
                0x20440000                        __StackTop = (ORIGIN (RAM) + LENGTH (RAM))
                0x2043fc00                        __StackLimit = (__StackTop - _Min_Stack_Size)
                [!provide]                        PROVIDE (__stack = __StackTop)
                0x00000001                        ASSERT ((__StackLimit >= _heap_top), region RAM overflowed with stack)
OUTPUT(./Output/demo.elf elf32-littlearm)
LOAD linker stubs

.debug_info     0x00000000     0x776a
 .debug_info    0x00000000      0x2b2 ./Output/list.o
 .debug_info    0x000002b2     0x2da9 ./Output/tasks.o
 .debug_info    0x0000305b     0x140f ./Output/timers.o
 .debug_info    0x0000446a      0x70e ./Output/heap_4.o
 .debug_info    0x00004b78      0x5c0 ./Output/port.o
 .debug_info    0x00005138     0x1d83 ./Output/queue.o
 .debug_info    0x00006ebb      0x2d9 ./Output/main.o
 .debug_info    0x00007194       0xcc ./Output/lpuart.o
 .debug_info    0x00007260      0x1a8 ./Output/pit.o
 .debug_info    0x00007408      0x1fa ./Output/startup.o
 .debug_info    0x00007602      0x135 /usr/lib/gcc/arm-none-eabi/13.2.1/../../../arm-none-eabi/lib/thumb/v7e-m+fp/hard/libc_nano.a(libc_a-memset.o)
 .debug_info    0x00007737       0x33 /usr/lib/gcc/arm-none-eabi/13.2.1/../../../arm-none-eabi/lib/thumb/v7e-m+fp/hard/libc_nano.a(libc_a-memcpy.o)

.debug_abbrev   0x00000000     0x18dc
 .debug_abbrev  0x00000000      0x105 ./Output/list.o
 .debug_abbrev  0x00000105      0x4eb ./Output/tasks.o
 .debug_abbrev  0x000005f0      0x409 ./Output/timers.o
 .debug_abbrev  0x000009f9      0x32b ./Output/heap_4.o
 .debug_abbrev  0x00000d24      0x2a7 ./Output/port.o
 .debug_abbrev  0x00000fcb      0x38a ./Output/queue.o
 .debug_abbrev  0x00001355      0x178 ./Output/main.o
 .debug_abbrev  0x000014cd       0x93 ./Output/lpuart.o
 .debug_abbrev  0x00001560      0x138 ./Output/pit.o
 .debug_abbrev  0x00001698      0x165 ./Output/startup.o
 .debug_abbrev  0x000017fd       0xb7 /usr/lib/gcc/arm-none-eabi/13.2.1/../../../arm-none-eabi/lib/thumb/v7e-m+fp/hard/libc_nano.a(libc_a-memset.o)
 .debug_abbrev  0x000018b4       0x28 /usr/lib/gcc/arm-none-eabi/13.2.1/../../../arm-none-eabi/lib/thumb/v7e-m+fp/hard/libc_nano.a(libc_a-memcpy.o)

.debug_loclists
                0x00000000     0x3097
 .debug_loclists
                0x00000000       0x77 ./Output/list.o
 .debug_loclists
                0x00000077     0x15ee ./Output/tasks.o
 .debug_loclists
                0x00001665      0x86a ./Output/timers.o
 .debug_loclists
                0x00001ecf      0x38d ./Output/heap_4.o
 .debug_loclists
                0x0000225c       0xa3 ./Output/port.o
 .debug_loclists
                0x000022ff      0xaff ./Output/queue.o
 .debug_loclists
                0x00002dfe       0x46 ./Output/main.o
 .debug_loclists
                0x00002e44       0x32 ./Output/lpuart.o
 .debug_loclists
                0x00002e76       0x36 ./Output/pit.o
 .debug_loclists
                0x00002eac       0x29 ./Output/startup.o
 .debug_loclists
                0x00002ed5      0x1c2 /usr/lib/gcc/arm-none-eabi/13.2.1/../../../arm-none-eabi/lib/thumb/v7e-m+fp/hard/libc_nano.a(libc_a-memset.o)

.debug_aranges  0x00000000      0x560
 .debug_aranges
                0x00000000       0x40 ./Output/list.o
 .debug_aranges
                0x00000040      0x190 ./Output/tasks.o
 .debug_aranges
                0x000001d0       0xc0 ./Output/timers.o
 .debug_aranges
                0x00000290       0x58 ./Output/heap_4.o
 .debug_aranges
                0x000002e8       0x80 ./Output/port.o
 .debug_aranges
                0x00000368       0xd0 ./Output/queue.o
 .debug_aranges
                0x00000438       0x30 ./Output/main.o
 .debug_aranges
                0x00000468       0x28 ./Output/lpuart.o
 .debug_aranges
                0x00000490       0x58 ./Output/pit.o
 .debug_aranges
                0x000004e8       0x38 ./Output/startup.o
 .debug_aranges
                0x00000520       0x20 /usr/lib/gcc/arm-none-eabi/13.2.1/../../../arm-none-eabi/lib/thumb/v7e-m+fp/hard/libc_nano.a(libc_a-memset.o)
 .debug_aranges
                0x00000540       0x20 /usr/lib/gcc/arm-none-eabi/13.2.1/../../../arm-none-eabi/lib/thumb/v7e-m+fp/hard/libc_nano.a(libc_a-memcpy.o)

.debug_rnglists
                0x00000000      0x62d
 .debug_rnglists
                0x00000000       0x2b ./Output/list.o
 .debug_rnglists
                0x0000002b      0x285 ./Output/tasks.o
 .debug_rnglists
                0x000002b0       0xca ./Output/timers.o
 .debug_rnglists
                0x0000037a       0x4c ./Output/heap_4.o
 .debug_rnglists
                0x000003c6       0x88 ./Output/port.o
 .debug_rnglists
                0x0000044e      0x139 ./Output/queue.o
 .debug_rnglists
                0x00000587       0x1f ./Output/main.o
 .debug_rnglists
                0x000005a6       0x19 ./Output/lpuart.o
 .debug_rnglists
                0x000005bf       0x49 ./Output/pit.o
 .debug_rnglists
                0x00000608       0x25 ./Output/startup.o

.debug_macro    0x00000000     0x43e7
 .debug_macro   0x00000000      0x171 ./Output/list.o
 .debug_macro   0x00000171      0xacc ./Output/list.o
 .debug_macro   0x00000c3d       0x2a ./Output/list.o
 .debug_macro   0x00000c67       0x22 ./Output/list.o
 .debug_macro   0x00000c89       0x60 ./Output/list.o
 .debug_macro   0x00000ce9       0x94 ./Output/list.o
 .debug_macro   0x00000d7d       0x3c ./Output/list.o
 .debug_macro   0x00000db9       0x34 ./Output/list.o
 .debug_macro   0x00000ded       0x16 ./Output/list.o
 .debug_macro   0x00000e03      0x11c ./Output/list.o
 .debug_macro   0x00000f1f       0x9b ./Output/list.o
 .debug_macro   0x00000fba       0x57 ./Output/list.o
 .debug_macro   0x00001011      0x370 ./Output/list.o
 .debug_macro   0x00001381       0x16 ./Output/list.o
 .debug_macro   0x00001397       0x4a ./Output/list.o
 .debug_macro   0x000013e1       0x34 ./Output/list.o
 .debug_macro   0x00001415       0x10 ./Output/list.o
 .debug_macro   0x00001425       0x52 ./Output/list.o
 .debug_macro   0x00001477      0x1de ./Output/list.o
 .debug_macro   0x00001655       0x16 ./Output/list.o
 .debug_macro   0x0000166b       0x29 ./Output/list.o
 .debug_macro   0x00001694      0x34e ./Output/list.o
 .debug_macro   0x000019e2       0x16 ./Output/list.o
 .debug_macro   0x000019f8       0xdc ./Output/list.o
 .debug_macro   0x00001ad4       0x1c ./Output/list.o
 .debug_macro   0x00001af0      0x182 ./Output/list.o
 .debug_macro   0x00001c72       0xee ./Output/list.o
 .debug_macro   0x00001d60       0x2e ./Output/list.o
 .debug_macro   0x00001d8e       0x1f ./Output/list.o
 .debug_macro   0x00001dad       0x12 ./Output/list.o
 .debug_macro   0x00001dbf     0x1127 ./Output/list.o
 .debug_macro   0x00002ee6       0xc3 ./Output/list.o
 .debug_macro   0x00002fa9      0x289 ./Output/tasks.o
 .debug_macro   0x00003232       0x16 ./Output/tasks.o
 .debug_macro   0x00003248       0x3c ./Output/tasks.o
 .debug_macro   0x00003284      0x14f ./Output/tasks.o
 .debug_macro   0x000033d3       0x98 ./Output/tasks.o
 .debug_macro   0x0000346b       0x17 ./Output/tasks.o
 .debug_macro   0x00003482      0x1c0 ./Output/timers.o
 .debug_macro   0x00003642       0x80 ./Output/timers.o
 .debug_macro   0x000036c2       0x9e ./Output/timers.o
 .debug_macro   0x00003760      0x201 ./Output/heap_4.o
 .debug_macro   0x00003961      0x174 ./Output/port.o
 .debug_macro   0x00003ad5      0x190 ./Output/port.o
 .debug_macro   0x00003c65      0x203 ./Output/queue.o
 .debug_macro   0x00003e68      0x1ab ./Output/main.o
 .debug_macro   0x00004013       0x40 ./Output/main.o
 .debug_macro   0x00004053       0x76 ./Output/main.o
 .debug_macro   0x000040c9       0x16 ./Output/main.o
 .debug_macro   0x000040df       0x10 ./Output/main.o
 .debug_macro   0x000040ef       0x16 ./Output/main.o
 .debug_macro   0x00004105       0x16 ./Output/main.o
 .debug_macro   0x0000411b      0x170 ./Output/main.o
 .debug_macro   0x0000428b       0x29 ./Output/lpuart.o
 .debug_macro   0x000042b4       0x3a ./Output/lpuart.o
 .debug_macro   0x000042ee       0x9f ./Output/pit.o
 .debug_macro   0x0000438d       0x28 ./Output/pit.o
 .debug_macro   0x000043b5       0x32 ./Output/startup.o

.debug_line     0x00000000     0x669d
 .debug_line    0x00000000      0x42b ./Output/list.o
 .debug_line    0x0000042b     0x260b ./Output/tasks.o
 .debug_line    0x00002a36      0xc8f ./Output/timers.o
 .debug_line    0x000036c5      0x91f ./Output/heap_4.o
 .debug_line    0x00003fe4      0x63f ./Output/port.o
 .debug_line    0x00004623     0x16ba ./Output/queue.o
 .debug_line    0x00005cdd      0x2e5 ./Output/main.o
 .debug_line    0x00005fc2       0xd3 ./Output/lpuart.o
 .debug_line    0x00006095      0x27a ./Output/pit.o
 .debug_line    0x0000630f      0x11f ./Output/startup.o
 .debug_line    0x0000642e      0x1b6 /usr/lib/gcc/arm-none-eabi/13.2.1/../../../arm-none-eabi/lib/thumb/v7e-m+fp/hard/libc_nano.a(libc_a-memset.o)
 .debug_line    0x000065e4       0xb9 /usr/lib/gcc/arm-none-eabi/13.2.1/../../../arm-none-eabi/lib/thumb/v7e-m+fp/hard/libc_nano.a(libc_a-memcpy.o)

.debug_str      0x00000000    0x167e7
 .debug_str     0x00000000    0x167e7 ./Output/list.o
                              0x10259 (size before relaxing)
 .debug_str     0x000167e7    0x1372b ./Output/tasks.o
 .debug_str     0x000167e7    0x12dff ./Output/timers.o
 .debug_str     0x000167e7    0x11d56 ./Output/heap_4.o
 .debug_str     0x000167e7     0xf0f0 ./Output/port.o
 .debug_str     0x000167e7    0x12890 ./Output/queue.o
 .debug_str     0x000167e7    0x127d9 ./Output/main.o
 .debug_str     0x000167e7     0x3aae ./Output/lpuart.o
 .debug_str     0x000167e7     0xcd9e ./Output/pit.o
 .debug_str     0x000167e7     0x3e8e ./Output/startup.o
 .debug_str     0x000167e7      0x1ad /usr/lib/gcc/arm-none-eabi/13.2.1/../../../arm-none-eabi/lib/thumb/v7e-m+fp/hard/libc_nano.a(libc_a-memset.o)
 .debug_str     0x000167e7       0xac /usr/lib/gcc/arm-none-eabi/13.2.1/../../../arm-none-eabi/lib/thumb/v7e-m+fp/hard/libc_nano.a(libc_a-memcpy.o)

.comment        0x00000000       0x26
 .comment       0x00000000       0x26 ./Output/list.o
                                 0x27 (size before relaxing)
 .comment       0x00000026       0x27 ./Output/tasks.o
 .comment       0x00000026       0x27 ./Output/timers.o
 .comment       0x00000026       0x27 ./Output/heap_4.o
 .comment       0x00000026       0x27 ./Output/port.o
 .comment       0x00000026       0x27 ./Output/queue.o
 .comment       0x00000026       0x27 ./Output/main.o
 .comment       0x00000026       0x27 ./Output/lpuart.o
 .comment       0x00000026       0x27 ./Output/pit.o
 .comment       0x00000026       0x27 ./Output/startup.o
 .comment       0x00000026       0x27 /usr/lib/gcc/arm-none-eabi/13.2.1/../../../arm-none-eabi/lib/thumb/v7e-m+fp/hard/libc_nano.a(libc_a-memset.o)

.ARM.attributes
                0x00000000       0x32
 .ARM.attributes
                0x00000000       0x34 ./Output/list.o
 .ARM.attributes
                0x00000034       0x34 ./Output/tasks.o
 .ARM.attributes
                0x00000068       0x34 ./Output/timers.o
 .ARM.attributes
                0x0000009c       0x34 ./Output/heap_4.o
 .ARM.attributes
                0x000000d0       0x34 ./Output/port.o
 .ARM.attributes
                0x00000104       0x34 ./Output/queue.o
 .ARM.attributes
                0x00000138       0x34 ./Output/main.o
 .ARM.attributes
                0x0000016c       0x34 ./Output/lpuart.o
 .ARM.attributes
                0x000001a0       0x34 ./Output/pit.o
 .ARM.attributes
                0x000001d4       0x34 ./Output/startup.o
 .ARM.attributes
                0x00000208       0x34 /usr/lib/gcc/arm-none-eabi/13.2.1/../../../arm-none-eabi/lib/thumb/v7e-m+fp/hard/libc_nano.a(libc_a-memset.o)
 .ARM.attributes
                0x0000023c       0x20 /usr/lib/gcc/arm-none-eabi/13.2.1/../../../arm-none-eabi/lib/thumb/v7e-m+fp/hard/libc_nano.a(libc_a-memcpy.o)

.debug_frame    0x00000000      0xde0
 .debug_frame   0x00000000       0x6c ./Output/list.o
 .debug_frame   0x0000006c      0x50c ./Output/tasks.o
 .debug_frame   0x00000578      0x240 ./Output/timers.o
 .debug_frame   0x000007b8       0xe4 ./Output/heap_4.o
 .debug_frame   0x0000089c      0x100 ./Output/port.o
 .debug_frame   0x0000099c      0x29c ./Output/queue.o
 .debug_frame   0x00000c38       0x58 ./Output/main.o
 .debug_frame   0x00000c90       0x30 ./Output/lpuart.o
 .debug_frame   0x00000cc0       0x9c ./Output/pit.o
 .debug_frame   0x00000d5c       0x58 ./Output/startup.o
 .debug_frame   0x00000db4       0x2c /usr/lib/gcc/arm-none-eabi/13.2.1/../../../arm-none-eabi/lib/thumb/v7e-m+fp/hard/libc_nano.a(libc_a-memset.o)

.debug_line_str
                0x00000000       0x99
 .debug_line_str
                0x00000000       0x99 /usr/lib/gcc/arm-none-eabi/13.2.1/../../../arm-none-eabi/lib/thumb/v7e-m+fp/hard/libc_nano.a(libc_a-memcpy.o)
